// Jest Snapshot v1, https://goo.gl/fbAQLP

exports[`Pagination renders correctly 1`] = `
<RCTScrollView
  contentContainerStyle={
    Object {
      "alignItems": "center",
      "backgroundColor": "#505050",
      "flex": 1,
      "height": 50,
      "paddingVertical": 5,
    }
  }
>
  <View>
    <RCTScrollView
      data={Array []}
      disableVirtualization={false}
      getItem={[Function]}
      getItemCount={[Function]}
      horizontal={true}
      initialNumToRender={10}
      keyExtractor={[Function]}
      maxToRenderPerBatch={10}
      numColumns={1}
      onContentSizeChange={[Function]}
      onEndReachedThreshold={2}
      onLayout={[Function]}
      onMomentumScrollEnd={[Function]}
      onScroll={[Function]}
      onScrollBeginDrag={[Function]}
      onScrollEndDrag={[Function]}
      removeClippedSubviews={true}
      renderItem={[Function]}
      scrollEventThrottle={50}
      showsHorizontalScrollIndicator={false}
      stickyHeaderIndices={Array []}
      updateCellsBatchingPeriod={50}
      viewabilityConfigCallbackPairs={Array []}
      windowSize={21}
    >
      <View />
    </RCTScrollView>
  </View>
</RCTScrollView>
`;
