// Jest Snapshot v1, https://goo.gl/fbAQLP

exports[`App renders the ActivityIndicator component before font loads 1`] = `
<ActivityIndicator
  animating={true}
  color="#999999"
  hidesWhenStopped={true}
  size="small"
/>
`;
