// Jest Snapshot v1, https://goo.gl/fbAQLP

exports[`Home renders correctly 1`] = `
<View
  style={
    Object {
      "backgroundColor": "#fff",
      "flex": 1,
      "flexDirection": "row",
      "paddingTop": 47,
    }
  }
>
  <View
    style={
      Object {
        "flex": 1,
        "flexDirection": "column",
      }
    }
  >
    <View
      size={2}
      style={
        Object {
          "flex": 2,
          "flexDirection": "row",
        }
      }
    >
      <View
        style={
          Object {
            "flex": 1,
            "flexDirection": "row",
            "height": 150,
          }
        }
      >
        <View
          style={
            Object {
              "flex": 1,
              "flexDirection": "column",
            }
          }
        >
          <View
            style={
              Object {
                "alignItems": "center",
                "flex": 1,
                "flexDirection": "row",
              }
            }
          >
            <Image
              resizeMode="contain"
              source={1}
              style={
                Object {
                  "flex": 1,
                  "height": "90%",
                  "paddingVertical": 10,
                }
              }
            />
          </View>
          <View
            style={
              Object {
                "flex": 1,
                "flexDirection": "row",
              }
            }
          >
            <View
              style={
                Object {
                  "backgroundColor": "#fff",
                  "flex": 1,
                  "height": 1334,
                }
              }
            >
              <View
                onLayout={[Function]}
              >
                <View
                  rounded={true}
                  searchBar={true}
                  style={
                    Object {
                      "backgroundColor": "#F8F8F8",
                      "borderBottomColor": "#a7a6ab",
                      "borderBottomWidth": 0.5,
                      "elevation": 3,
                      "flexDirection": "row",
                      "height": 64,
                      "justifyContent": "center",
                      "left": 0,
                      "paddingLeft": 6,
                      "paddingRight": 10,
                      "paddingTop": 18,
                      "right": 0,
                      "shadowColor": undefined,
                      "shadowOffset": undefined,
                      "shadowOpacity": undefined,
                      "shadowRadius": undefined,
                      "top": 0,
                    }
                  }
                >
                  <View
                    accessible={true}
                    isTVSelectable={true}
                    onResponderGrant={[Function]}
                    onResponderMove={[Function]}
                    onResponderRelease={[Function]}
                    onResponderTerminate={[Function]}
                    onResponderTerminationRequest={[Function]}
                    onStartShouldSetResponder={[Function]}
                    style={
                      Object {
                        "alignItems": "center",
                        "alignSelf": "center",
                        "backgroundColor": "#CECDD2",
                        "borderBottomWidth": 1,
                        "borderColor": "transparent",
                        "borderLeftWidth": 0,
                        "borderRadius": 25,
                        "borderRightWidth": 0,
                        "borderTopWidth": 0,
                        "borderWidth": undefined,
                        "flex": 1,
                        "flexDirection": "row",
                        "height": 30,
                        "justifyContent": "flex-start",
                        "marginLeft": 2,
                        "opacity": 1,
                      }
                    }
                  >
                    <Text />
                    <TextInput
                      allowFontScaling={true}
                      editable={true}
                      onChangeText={[Function]}
                      placeholder="Search"
                      placeholderTextColor="#575757"
                      rejectResponderTermination={true}
                      style={
                        Object {
                          "alignSelf": "center",
                          "color": "#000",
                          "flex": 1,
                          "fontSize": 17,
                          "height": 30,
                          "lineHeight": null,
                          "paddingLeft": 5,
                          "paddingRight": 5,
                          "top": 1.5,
                        }
                      }
                      underlineColorAndroid="rgba(0,0,0,0)"
                    />
                    <Text />
                  </View>
                  <View
                    accessible={true}
                    isTVSelectable={true}
                    onResponderGrant={[Function]}
                    onResponderMove={[Function]}
                    onResponderRelease={[Function]}
                    onResponderTerminate={[Function]}
                    onResponderTerminationRequest={[Function]}
                    onStartShouldSetResponder={[Function]}
                    style={
                      Object {
                        "alignItems": "center",
                        "alignSelf": "center",
                        "backgroundColor": "transparent",
                        "borderBottomWidth": null,
                        "borderColor": "#007aff",
                        "borderLeftWidth": null,
                        "borderRadius": 5,
                        "borderRightWidth": null,
                        "borderTopWidth": null,
                        "borderWidth": undefined,
                        "elevation": 0,
                        "flexDirection": "row",
                        "height": 45,
                        "justifyContent": "center",
                        "opacity": 1,
                        "paddingBottom": 6,
                        "paddingLeft": 10,
                        "paddingRight": null,
                        "paddingTop": 6,
                        "shadowColor": null,
                        "shadowOffset": null,
                        "shadowOpacity": null,
                        "shadowRadius": null,
                        "width": undefined,
                      }
                    }
                  >
                    <Text
                      style={
                        Object {
                          "backgroundColor": "transparent",
                          "color": "#007aff",
                          "fontFamily": "System",
                          "fontSize": 16.5,
                          "fontWeight": "500",
                          "marginLeft": 0,
                          "marginRight": 0,
                          "paddingLeft": 16,
                          "paddingRight": 16,
                        }
                      }
                      uppercase={false}
                    >
                      Search
                    </Text>
                  </View>
                </View>
              </View>
            </View>
          </View>
        </View>
      </View>
    </View>
    <View
      size={8}
      style={
        Object {
          "flex": 8,
          "flexDirection": "row",
        }
      }
    >
      <View
        style={
          Object {
            "flex": 1,
            "justifyContent": "center",
          }
        }
      >
        <ActivityIndicator
          animating={true}
          color="#999999"
          hidesWhenStopped={true}
          size="small"
        />
      </View>
    </View>
  </View>
</View>
`;
